/*C6*/SET SCHEMA PUBLIC
DISCONNECT
/*C7*/SET SCHEMA PUBLIC
DISCONNECT
/*C11*/SET SCHEMA PUBLIC
INSERT INTO FUNCIONARIOS VALUES(5,'teste5','teste5@teste','2000-10-10',1000.00)
COMMIT
/*C9*/SET SCHEMA PUBLIC
DISCONNECT
/*C8*/SET SCHEMA PUBLIC
DISCONNECT
/*C11*/DISCONNECT
/*C10*/SET SCHEMA PUBLIC
DISCONNECT
